Reading configuration card from file: cardEECOO.input

======== cardEECOO.input =========
GitHash: GITHASHHERE
       DataType (dim = 1) 9 
McCorrelationType (dim = 1) 0 
      MatchJets (dim = 1) 0 
TriggerSelection (dim = 1) 0 
FilledHistograms (dim = 1) 31 
        JetType (dim = 1) 1 
        JetAxis (dim = 1) 1 
      JetEtaCut (dim = 1) 1.6 
    MinJetPtCut (dim = 1) 10 
    MaxJetPtCut (dim = 1) 5020 
      CutBadPhi (dim = 1) 0 
   CutWithEtaCM (dim = 1) 0 
MinMaxTrackPtFraction (dim = 1) 0.01 
MaxMaxTrackPtFraction (dim = 1) 0.98 
 JetUncertainty (dim = 1) 0 
    TrackEtaCut (dim = 1) 2.4 
  MinTrackPtCut (dim = 1) 0.7 
  MaxTrackPtCut (dim = 1) 500 
MaxTrackPtRelativeError (dim = 1) 0.1 
VertexMaxDistance (dim = 1) 3 
CalorimeterSignalLimitPt (dim = 1) 20 
HighPtEtFraction (dim = 1) 0.5 
 Chi2QualityCut (dim = 1) 0.18 
MinimumTrackHits (dim = 1) 0 
    SubeventCut (dim = 1) 2 
TrackEfficiencyVariation (dim = 1) 0.024 
    JetPtWeight (dim = 1) 0 
DisableTrackPairEfficiencyCorrection (dim = 1) 1 
     ZVertexCut (dim = 1) 150000 
    LowPtHatCut (dim = 1) -1 
   HighPtHatCut (dim = 1) 1 
MultiplicityMode (dim = 1) 0 
      JetRadius (dim = 1) 0.4 
 WeightExponent (dim = 2) 1 2 
    SmearDeltaR (dim = 1) 0 
SmearEnergyWeight (dim = 1) 0 
JetPtBinEdgesEEC (dim = 13) 10 40 80 120 160 200 220 240 260 280 300 500 5020 
TrackPtBinEdgesEEC (dim = 9) 0.7 1 1.5 2 2.5 3 3.5 4 300 
SkipCovarianceMatrix (dim = 1) 1 
MinJetPtUnfoldingReco (dim = 1) 80 
MinJetPtUnfoldingTruth (dim = 1) 60 
CentralityBinEdges (dim = 4) 0 30 50 90 
TrackPtBinEdges (dim = 8) 0.7 1 2 3 4 8 12 300 
  PtHatBinEdges (dim = 10) 0 30 50 80 120 170 220 280 370 460 
BackgroundMethods (dim = 1) 0 
 MegaSkimMixing (dim = 1) 0 
EventMatchForMixing (dim = 1) 0 
   BinnedMixing (dim = 1) 0 
   VzMixingBins (dim = 2) -0.5 1 
HiBinMixingBins (dim = 2) -0.5 1 
HFEnergyMixingBins (dim = 2) 0 1 
MultiplicityMixingBins (dim = 2) -0.5 1 
  HFEnergyShift (dim = 1) 25 
     DebugLevel (dim = 1) 2 

Reading from file: /eos/cms/store/group/comm_luminosity/gkrintir/OO_data_filtered/IonPhysics0/crab_OO_data_filtered/260612_172114/0005/L1_object_data_5237.root
Analyzing event 0
Analyzing event 1000
Analyzing event 2000
Analyzing event 3000
Analyzing event 4000
Analyzing event 5000
Analyzing event 6000
Analyzing event 7000
Analyzing event 8000
Analyzing event 9000
Analyzing event 10000
Analyzing event 11000
Analyzing event 12000
Analyzing event 13000
Analyzing event 14000
Analyzing event 15000
Analyzing event 16000
Analyzing event 17000
Analyzing event 18000
Analyzing event 19000
Analyzing event 20000
Analyzing event 21000
Analyzing event 22000
Analyzing event 23000
Analyzing event 24000
Analyzing event 25000
Analyzing event 26000
Analyzing event 27000
Analysis was compeleted in: 
Real time 0:00:06, CP time 3.680

====== Writing into file =========
