DEBUG 2026-09-10 03:37:04.708 UTC: 	 CRAB Client version: v3.260630
DEBUG 2026-09-10 03:37:04.709 UTC: 	 Running on: Linux lxplus927.cern.ch 5.14.0-687.39.1.el9_8.x86_64 #1 SMP PREEMPT_DYNAMIC Tue Aug 11 21:20:33 EDT 2026 x86_64 x86_64 x86_64 GNU/Linux
DEBUG 2026-09-10 03:37:04.709 UTC: 	 Not using Singularity
DEBUG 2026-09-10 03:37:04.709 UTC: 	 Operating System: Red Hat Enterprise Linux 9.8 (Plow)
DEBUG 2026-09-10 03:37:04.709 UTC: 	 Executing command: 'submit'
DEBUG 2026-09-10 03:37:04.709 UTC: 	 Found CRAB cache file /afs/cern.ch/user/j/jvelazqu/.crab3
INFO 2026-09-10 03:37:04.709 UTC: 	 Will use CRAB configuration file crabEECOO.py
DEBUG 2026-09-10 03:37:04.710 UTC: 	 Loading CRAB configuration file.
DEBUG 2026-09-10 03:37:04.730 UTC: 	 Will use CRAB plugin ANALYSIS (i.e. will run an analysis job type).
ERROR 2026-09-10 03:37:04.731 UTC: 	 Working area '/afs/cern.ch/user/j/jvelazqu/EECAnalysis/CMSSW_15_0_9_patch4/src/energyEnergyCorrelatorAnalysis/crab/eecAnalysis_OO_2025-09-09/crab_eecAnalysis_OO_2025-09-09' already exists 
Please change the requestName in the config file
ERROR 2026-09-10 03:37:04.731 UTC: 	 Caught ClientException exception
Traceback (most recent call last):
  File "/cvmfs/cms.cern.ch/share/cms/crab-prod/v3.260630.00/bin/crab.py", line 157, in <module>
    client()
  File "/cvmfs/cms.cern.ch/share/cms/crab-prod/v3.260630.00/bin/crab.py", line 135, in __call__
    self.cmd = sub_cmd(self.logger, args[1:])  # the crab command to be executed
  File "/cvmfs/cms.cern.ch/share/cms/crab-prod/v3.260630.00/lib/CRABClient/Commands/submit.py", line 37, in __init__
    SubCommand.__init__(self, logger, cmdargs, disable_interspersed_args=True)
  File "/cvmfs/cms.cern.ch/share/cms/crab-prod/v3.260630.00/lib/CRABClient/Commands/SubCommand.py", line 328, in __init__
    self.requestarea, self.requestname, self.logfile = createWorkArea(
  File "/cvmfs/cms.cern.ch/share/cms/crab-prod/v3.260630.00/lib/CRABClient/ClientUtilities.py", line 392, in createWorkArea
    raise ConfigException("Working area '%s' already exists \nPlease change the requestName in the config file" % fullpath)
CRABClient.ClientExceptions.ConfigException: Working area '/afs/cern.ch/user/j/jvelazqu/EECAnalysis/CMSSW_15_0_9_patch4/src/energyEnergyCorrelatorAnalysis/crab/eecAnalysis_OO_2025-09-09/crab_eecAnalysis_OO_2025-09-09' already exists 
Please change the requestName in the config file
INFO 2026-09-10 03:37:04.736 UTC: 	 Log file is /afs/cern.ch/user/j/jvelazqu/EECAnalysis/CMSSW_15_0_9_patch4/src/energyEnergyCorrelatorAnalysis/crab/crab.log
