000 (9296497.000.000) 09/11 05:58:18 Job submitted from host: <188.185.125.71:9618?addrs=188.185.125.71-9618+[2001-1458-d00-4a--100-15e]-9618&alias=bigbird28.cern.ch&noUDP&sock=schedd_2223555_5c71>
...
040 (9296497.000.000) 09/11 06:00:35 Started transferring input files
	Transferring to host: <188.185.195.70:9618?addrs=188.185.195.70-9618+[2001-1458-303-22--100-42]-9618&alias=b9p17p2904.cern.ch&noUDP&sock=slot1_18_4161_8d02_58692>
...
040 (9296497.000.000) 09/11 06:00:35 Finished transferring input files
...
001 (9296497.000.000) 09/11 06:00:36 Job executing on host: <188.185.195.70:9618?addrs=188.185.195.70-9618+[2001-1458-303-22--100-42]-9618&alias=b9p17p2904.cern.ch&noUDP&sock=startd_3103_fa77>
	SlotName: slot1_18@b9p17p2904.cern.ch
	CondorScratchDir = "/pool/condor/dir_2538768"
	Cpus = 2
	Disk = 3841
	GPUs = 0
	Memory = 6000
...
006 (9296497.000.000) 09/11 06:00:44 Image size of job updated: 74828
	72  -  MemoryUsage of job (MB)
	73324  -  ResidentSetSize of job (KB)
...
006 (9296497.000.000) 09/11 06:05:44 Image size of job updated: 77224
	72  -  MemoryUsage of job (MB)
	73384  -  ResidentSetSize of job (KB)
...
006 (9296497.000.000) 09/11 06:10:45 Image size of job updated: 79284
	72  -  MemoryUsage of job (MB)
	73384  -  ResidentSetSize of job (KB)
...
006 (9296497.000.000) 09/11 06:15:45 Image size of job updated: 79296
	72  -  MemoryUsage of job (MB)
	73384  -  ResidentSetSize of job (KB)
...
006 (9296497.000.000) 09/11 06:25:47 Image size of job updated: 79296
	76  -  MemoryUsage of job (MB)
	76956  -  ResidentSetSize of job (KB)
...
006 (9296497.000.000) 09/11 06:30:47 Image size of job updated: 79296
	76  -  MemoryUsage of job (MB)
	77000  -  ResidentSetSize of job (KB)
...
006 (9296497.000.000) 09/11 06:35:48 Image size of job updated: 79304
	78  -  MemoryUsage of job (MB)
	79300  -  ResidentSetSize of job (KB)
...
006 (9296497.000.000) 09/11 07:30:54 Image size of job updated: 79316
	78  -  MemoryUsage of job (MB)
	79300  -  ResidentSetSize of job (KB)
...
006 (9296497.000.000) 09/11 08:15:58 Image size of job updated: 755252
	738  -  MemoryUsage of job (MB)
	755252  -  ResidentSetSize of job (KB)
...
006 (9296497.000.000) 09/11 08:20:58 Image size of job updated: 1875844
	906  -  MemoryUsage of job (MB)
	927260  -  ResidentSetSize of job (KB)
...
040 (9296497.000.000) 09/11 09:25:28 Started transferring output files
...
040 (9296497.000.000) 09/11 09:25:28 Finished transferring output files
...
005 (9296497.000.000) 09/11 09:25:28 Job terminated.
	(1) Normal termination (return value 0)
		Usr 0 02:50:15, Sys 0 00:33:42  -  Run Remote Usage
		Usr 0 00:00:00, Sys 0 00:00:00  -  Run Local Usage
		Usr 0 02:50:15, Sys 0 00:33:42  -  Total Remote Usage
		Usr 0 00:00:00, Sys 0 00:00:00  -  Total Local Usage
	1621104  -  Run Bytes Sent By Job
	2756  -  Run Bytes Received By Job
	1621104  -  Total Bytes Sent By Job
	2756  -  Total Bytes Received By Job
	Partitionable Resources :     Usage  Request Allocated 
	   Cpus                 :      0.98        2         2 
	   Disk (KB)            : 276608           3      3841 
	   GPUs                 :                            0 
	   Memory (MB)          :    906        6000      6000 
	   TimeExecute (s)      :  12292                       
	   TimeSlotBusy (s)     :  12294                       
...
