000 (9296501.000.000) 09/11 06:01:19 Job submitted from host: <188.185.125.71:9618?addrs=188.185.125.71-9618+[2001-1458-d00-4a--100-15e]-9618&alias=bigbird28.cern.ch&noUDP&sock=schedd_2223555_5c71>
...
040 (9296501.000.000) 09/11 06:03:35 Started transferring input files
	Transferring to host: <188.185.192.9:9618?addrs=188.185.192.9-9618+[2001-1458-303-1f--100-5]-9618&alias=b9p13p0510.cern.ch&noUDP&sock=slot1_8_4695_cd58_72670>
...
040 (9296501.000.000) 09/11 06:03:35 Finished transferring input files
...
001 (9296501.000.000) 09/11 06:03:36 Job executing on host: <188.185.192.9:9618?addrs=188.185.192.9-9618+[2001-1458-303-1f--100-5]-9618&alias=b9p13p0510.cern.ch&noUDP&sock=startd_4013_29a5>
	SlotName: slot1_8@b9p13p0510.cern.ch
	CondorScratchDir = "/pool/condor/dir_131294"
	Cpus = 2
	Disk = 3890
	GPUs = 0
	Memory = 6000
...
006 (9296501.000.000) 09/11 06:03:45 Image size of job updated: 69748
	15  -  MemoryUsage of job (MB)
	15232  -  ResidentSetSize of job (KB)
...
006 (9296501.000.000) 09/11 06:08:46 Image size of job updated: 75536
	74  -  MemoryUsage of job (MB)
	75536  -  ResidentSetSize of job (KB)
...
006 (9296501.000.000) 09/11 06:23:47 Image size of job updated: 75540
	74  -  MemoryUsage of job (MB)
	75536  -  ResidentSetSize of job (KB)
...
006 (9296501.000.000) 09/11 06:38:49 Image size of job updated: 75968
	74  -  MemoryUsage of job (MB)
	75536  -  ResidentSetSize of job (KB)
...
006 (9296501.000.000) 09/11 07:33:54 Image size of job updated: 423036
	414  -  MemoryUsage of job (MB)
	423036  -  ResidentSetSize of job (KB)
...
006 (9296501.000.000) 09/11 07:38:55 Image size of job updated: 1041420
	414  -  MemoryUsage of job (MB)
	423100  -  ResidentSetSize of job (KB)
...
040 (9296501.000.000) 09/11 08:02:39 Started transferring output files
...
040 (9296501.000.000) 09/11 08:02:39 Finished transferring output files
...
005 (9296501.000.000) 09/11 08:02:40 Job terminated.
	(1) Normal termination (return value 0)
		Usr 0 01:25:45, Sys 0 00:22:48  -  Run Remote Usage
		Usr 0 00:00:00, Sys 0 00:00:00  -  Run Local Usage
		Usr 0 01:25:45, Sys 0 00:22:48  -  Total Remote Usage
		Usr 0 00:00:00, Sys 0 00:00:00  -  Total Local Usage
	927237  -  Run Bytes Sent By Job
	2774  -  Run Bytes Received By Job
	927237  -  Total Bytes Sent By Job
	2774  -  Total Bytes Received By Job
	Partitionable Resources :     Usage  Request Allocated 
	   Cpus                 :      0.97        2         2 
	   Disk (KB)            : 120487           3      3890 
	   GPUs                 :                            0 
	   Memory (MB)          :    414        6000      6000 
	   TimeExecute (s)      :   7143                       
	   TimeSlotBusy (s)     :   7145                       
...
